// Jest Snapshot v1, https://goo.gl/fbAQLP

exports[`CannedSearchContainer.vue Renders correctly 1`] = `
<div
  id="search-can-query-items-wrapper"
>
  <div
    class="row"
  >
    <div
      class="text-center canned-search-wrapper py-0 my-0 col-md-6 col-12"
    >
      <div
        class="v-input v-input--hide-details theme--light v-input--selection-controls v-input--switch v-input--switch--inset"
      >
        <div
          class="v-input__control"
        >
          <div
            class="v-input__slot"
          >
            <div
              class="v-input--selection-controls__input"
            >
              <input
                aria-checked="false"
                aria-disabled="false"
                id="canned-search-near-me"
                role="switch"
                type="checkbox"
                value=""
              />
              <div
                class="v-input--selection-controls__ripple"
              />
              <div
                class="v-input--switch__track theme--light"
              />
              <div
                class="v-input--switch__thumb theme--light"
              >
                <!---->
              </div>
            </div>
            <label
              class="v-label theme--light"
              for="canned-search-near-me"
              style="left: 0px; position: relative;"
            >
              Schools Near Me
            </label>
          </div>
        </div>
      </div>
       
      <div
        class="v-input v-input--hide-details theme--light v-input--selection-controls v-input--switch v-input--switch--inset"
      >
        <div
          class="v-input__control"
        >
          <div
            class="v-input__slot"
          >
            <div
              class="v-input--selection-controls__input"
            >
              <input
                aria-checked="false"
                aria-disabled="false"
                id="canned-search-most-get-in"
                role="switch"
                type="checkbox"
                value=""
              />
              <div
                class="v-input--selection-controls__ripple"
              />
              <div
                class="v-input--switch__track theme--light"
              />
              <div
                class="v-input--switch__thumb theme--light"
              >
                <!---->
              </div>
            </div>
            <label
              class="v-label theme--light"
              for="canned-search-most-get-in"
              style="left: 0px; position: relative;"
            >
              Most People Get In
            </label>
          </div>
        </div>
        <div
          class="v-input__append-outer"
        >
          <span>
            <span
              class="v-tooltip v-tooltip--top"
            >
              <div
                class="v-tooltip__content"
                style="left: 0px; max-width: 600px; opacity: 0; top: 12px; z-index: 0; background-color: rgb(0, 0, 0); border-color: #000000; display: none;"
              />
              <i
                allow-overflow=""
                aria-hidden="true"
                class="v-icon notranslate fas fa-info-circle theme--dark"
                style="font-size: 12px; color: rgb(56, 105, 31); caret-color: #38691F;"
              />
            </span>
          </span>
        </div>
      </div>
       
      <div
        class="v-input v-input--hide-details theme--light v-input--selection-controls v-input--switch v-input--switch--inset"
      >
        <div
          class="v-input__control"
        >
          <div
            class="v-input__slot"
          >
            <div
              class="v-input--selection-controls__input"
            >
              <input
                aria-checked="false"
                aria-disabled="false"
                id="canned-search-most-grad"
                role="switch"
                type="checkbox"
                value=""
              />
              <div
                class="v-input--selection-controls__ripple"
              />
              <div
                class="v-input--switch__track theme--light"
              />
              <div
                class="v-input--switch__thumb theme--light"
              >
                <!---->
              </div>
            </div>
            <label
              class="v-label theme--light"
              for="canned-search-most-grad"
              style="left: 0px; position: relative;"
            >
              Most People Graduate
            </label>
          </div>
        </div>
        <div
          class="v-input__append-outer"
        >
          <span>
            <span
              class="v-tooltip v-tooltip--top"
            >
              <div
                class="v-tooltip__content"
                style="left: 0px; max-width: 600px; opacity: 0; top: 12px; z-index: 0; background-color: rgb(0, 0, 0); border-color: #000000; display: none;"
              />
              <i
                allow-overflow=""
                aria-hidden="true"
                class="v-icon notranslate fas fa-info-circle theme--dark"
                style="font-size: 12px; color: rgb(56, 105, 31); caret-color: #38691F;"
              />
            </span>
          </span>
        </div>
      </div>
    </div>
     
    <div
      class="text-center canned-search-wrapper py-0 my-0 col-md-6 col-12"
    >
      <div
        class="v-input v-input--hide-details theme--light v-input--selection-controls v-input--switch v-input--switch--inset"
      >
        <div
          class="v-input__control"
        >
          <div
            class="v-input__slot"
          >
            <div
              class="v-input--selection-controls__input"
            >
              <input
                aria-checked="false"
                aria-disabled="false"
                id="canned-search-degree-a"
                role="switch"
                type="checkbox"
                value=""
              />
              <div
                class="v-input--selection-controls__ripple"
              />
              <div
                class="v-input--switch__track theme--light"
              />
              <div
                class="v-input--switch__thumb theme--light"
              >
                <!---->
              </div>
            </div>
            <label
              class="v-label theme--light"
              for="canned-search-degree-a"
              style="left: 0px; position: relative;"
            >
              I want an Associate's Degree
            </label>
          </div>
        </div>
      </div>
       
      <div
        class="v-input v-input--hide-details theme--light v-input--selection-controls v-input--switch v-input--switch--inset"
      >
        <div
          class="v-input__control"
        >
          <div
            class="v-input__slot"
          >
            <div
              class="v-input--selection-controls__input"
            >
              <input
                aria-checked="false"
                aria-disabled="false"
                id="canned-search-degree-b"
                role="switch"
                type="checkbox"
                value=""
              />
              <div
                class="v-input--selection-controls__ripple"
              />
              <div
                class="v-input--switch__track theme--light"
              />
              <div
                class="v-input--switch__thumb theme--light"
              >
                <!---->
              </div>
            </div>
            <label
              class="v-label theme--light"
              for="canned-search-degree-b"
              style="left: 0px; position: relative;"
            >
              I want a Bachelor's Degree
            </label>
          </div>
        </div>
      </div>
       
      <div
        class="v-input v-input--hide-details theme--light v-input--selection-controls v-input--switch v-input--switch--inset"
      >
        <div
          class="v-input__control"
        >
          <div
            class="v-input__slot"
          >
            <div
              class="v-input--selection-controls__input"
            >
              <input
                aria-checked="false"
                aria-disabled="false"
                id="canned-search-degree-c"
                role="switch"
                type="checkbox"
                value=""
              />
              <div
                class="v-input--selection-controls__ripple"
              />
              <div
                class="v-input--switch__track theme--light"
              />
              <div
                class="v-input--switch__thumb theme--light"
              >
                <!---->
              </div>
            </div>
            <label
              class="v-label theme--light"
              for="canned-search-degree-c"
              style="left: 0px; position: relative;"
            >
              I want a Certificate
            </label>
          </div>
        </div>
      </div>
    </div>
     
    <div
      class="text-center mt-5 col-md-12 col-12"
    >
      <button
        class="v-btn v-btn--contained v-btn--rounded theme--light v-size--default secondary"
        id="canned-search-submit"
        type="button"
      >
        <span
          class="v-btn__content"
        >
          Find Schools
        </span>
      </button>
    </div>
  </div>
</div>
`;
